0 verbose cli C:\Program Files\nodejs\node.exe C:\Users\it\AppData\Roaming\npm\node_modules\npm\bin\npm-cli.js
1 info using npm@11.16.0
2 info using node@v24.16.0
3 silly config load:file:C:\Users\it\AppData\Roaming\npm\node_modules\npm\npmrc
4 silly config load:file:C:\game\academy-hero-arena\.npmrc
5 silly config load:file:C:\Users\it\.npmrc
6 silly config load:file:C:\Users\it\AppData\Roaming\npm\etc\npmrc
7 verbose title npm install three
8 verbose argv "install" "three" "--cache" ".\\.npm-cache"
9 verbose logfile logs-max:10 dir:C:\game\academy-hero-arena\.npm-cache\_logs\2026-06-30T03_11_22_076Z-
10 verbose logfile C:\game\academy-hero-arena\.npm-cache\_logs\2026-06-30T03_11_22_076Z-debug-0.log
11 silly logfile done cleaning log files
12 silly packumentCache heap:4496293888 maxSize:1124073472 maxEntrySize:562036736
13 silly idealTree buildDeps
14 silly fetch manifest three@*
15 silly packumentCache full:https://registry.npmjs.org/three cache-miss
16 http fetch GET 200 https://registry.npmjs.org/npm 160ms
17 http fetch GET 200 https://registry.npmjs.org/three 148ms (cache miss)
18 silly packumentCache full:https://registry.npmjs.org/three set size:undefined disposed:false
19 silly placeDep ROOT three@0.185.0 OK for: academy-hero-arena@1.0.0 want: *
20 silly reify moves {}
21 silly audit bulk request {
21 silly audit   '@socket.io/component-emitter': [ '3.1.2' ],
21 silly audit   '@types/cors': [ '2.8.19' ],
21 silly audit   '@types/node': [ '26.0.1' ],
21 silly audit   '@types/ws': [ '8.18.1' ],
21 silly audit   accepts: [ '1.3.8' ],
21 silly audit   'array-flatten': [ '1.1.1' ],
21 silly audit   base64id: [ '2.0.0' ],
21 silly audit   'body-parser': [ '1.20.5' ],
21 silly audit   bytes: [ '3.1.2' ],
21 silly audit   'call-bind-apply-helpers': [ '1.0.2' ],
21 silly audit   'call-bound': [ '1.0.4' ],
21 silly audit   'content-disposition': [ '0.5.4' ],
21 silly audit   'content-type': [ '1.0.5' ],
21 silly audit   cookie: [ '0.7.2' ],
21 silly audit   'cookie-signature': [ '1.0.7' ],
21 silly audit   cors: [ '2.8.6' ],
21 silly audit   debug: [ '2.6.9', '4.4.3' ],
21 silly audit   depd: [ '2.0.0' ],
21 silly audit   destroy: [ '1.2.0' ],
21 silly audit   'dunder-proto': [ '1.0.1' ],
21 silly audit   'ee-first': [ '1.1.1' ],
21 silly audit   encodeurl: [ '2.0.0' ],
21 silly audit   'engine.io': [ '6.6.9' ],
21 silly audit   'engine.io-parser': [ '5.2.3' ],
21 silly audit   ms: [ '2.1.3', '2.0.0' ],
21 silly audit   'es-define-property': [ '1.0.1' ],
21 silly audit   'es-errors': [ '1.3.0' ],
21 silly audit   'es-object-atoms': [ '1.1.2' ],
21 silly audit   'escape-html': [ '1.0.3' ],
21 silly audit   etag: [ '1.8.1' ],
21 silly audit   express: [ '4.22.2' ],
21 silly audit   finalhandler: [ '1.3.2' ],
21 silly audit   forwarded: [ '0.2.0' ],
21 silly audit   fresh: [ '0.5.2' ],
21 silly audit   'function-bind': [ '1.1.2' ],
21 silly audit   'get-intrinsic': [ '1.3.0' ],
21 silly audit   'get-proto': [ '1.0.1' ],
21 silly audit   gopd: [ '1.2.0' ],
21 silly audit   'has-symbols': [ '1.1.0' ],
21 silly audit   hasown: [ '2.0.4' ],
21 silly audit   'http-errors': [ '2.0.1' ],
21 silly audit   'iconv-lite': [ '0.4.24' ],
21 silly audit   inherits: [ '2.0.4' ],
21 silly audit   'ipaddr.js': [ '1.9.1' ],
21 silly audit   'math-intrinsics': [ '1.1.0' ],
21 silly audit   'media-typer': [ '0.3.0' ],
21 silly audit   'merge-descriptors': [ '1.0.3' ],
21 silly audit   methods: [ '1.1.2' ],
21 silly audit   mime: [ '1.6.0' ],
21 silly audit   'mime-db': [ '1.52.0' ],
21 silly audit   'mime-types': [ '2.1.35' ],
21 silly audit   negotiator: [ '0.6.3' ],
21 silly audit   'object-assign': [ '4.1.1' ],
21 silly audit   'object-inspect': [ '1.13.4' ],
21 silly audit   'on-finished': [ '2.4.1' ],
21 silly audit   parseurl: [ '1.3.3' ],
21 silly audit   'path-to-regexp': [ '0.1.13' ],
21 silly audit   'proxy-addr': [ '2.0.7' ],
21 silly audit   qs: [ '6.15.3' ],
21 silly audit   'range-parser': [ '1.2.1' ],
21 silly audit   'raw-body': [ '2.5.3' ],
21 silly audit   'safe-buffer': [ '5.2.1' ],
21 silly audit   'safer-buffer': [ '2.1.2' ],
21 silly audit   send: [ '0.19.2' ],
21 silly audit   'serve-static': [ '1.16.3' ],
21 silly audit   setprototypeof: [ '1.2.0' ],
21 silly audit   'side-channel': [ '1.1.1' ],
21 silly audit   'side-channel-list': [ '1.0.1' ],
21 silly audit   'side-channel-map': [ '1.0.1' ],
21 silly audit   'side-channel-weakmap': [ '1.0.2' ],
21 silly audit   'socket.io': [ '4.8.3' ],
21 silly audit   'socket.io-adapter': [ '2.5.8' ],
21 silly audit   'socket.io-parser': [ '4.2.6' ],
21 silly audit   statuses: [ '2.0.2' ],
21 silly audit   toidentifier: [ '1.0.1' ],
21 silly audit   'type-is': [ '1.6.18' ],
21 silly audit   'undici-types': [ '8.3.0' ],
21 silly audit   unpipe: [ '1.0.0' ],
21 silly audit   'utils-merge': [ '1.0.1' ],
21 silly audit   vary: [ '1.1.2' ],
21 silly audit   ws: [ '8.21.0' ],
21 silly audit   three: [ '0.185.0' ]
21 silly audit }
22 http cache three@https://registry.npmjs.org/three/-/three-0.185.0.tgz 0ms (cache hit)
23 silly tarball no local data for three@https://registry.npmjs.org/three/-/three-0.185.0.tgz. Extracting by manifest.
24 http fetch POST 200 https://registry.npmjs.org/-/npm/v1/security/advisories/bulk 159ms
25 silly audit report {}
26 http fetch GET 200 https://registry.npmjs.org/three/-/three-0.185.0.tgz 2152ms (cache miss)
27 silly ADD node_modules/three
28 verbose cwd C:\game\academy-hero-arena
29 verbose os Windows_NT 10.0.19045
30 verbose node v24.16.0
31 verbose npm  v11.16.0
32 notice
32 notice New minor version of npm available! 11.16.0 -> 11.18.0
32 notice Changelog: https://github.com/npm/cli/releases/tag/v11.18.0
32 notice To update run: npm install -g npm@11.18.0
32 notice  { force: true, Symbol(proc-log.meta): true }
33 verbose exit 0
34 info ok
